---
source: ella-parser/src/parser.rs
expression: "expr(\"1 + 1\")"
---
Binary {
    lhs: NumberLit(
        1.0,
    ),
    op: Plus,
    rhs: NumberLit(
        1.0,
    ),
}
