---
source: ella-parser/src/parser.rs
expression: "expr(\"foo\")"
---
Identifier(
    "foo",
)
