---
source: ella-parser/src/parser.rs
expression: "expr(\"a = b = c\")"
---
Binary {
    lhs: Identifier(
        "a",
    ),
    op: Equals,
    rhs: Binary {
        lhs: Identifier(
            "b",
        ),
        op: Equals,
        rhs: Identifier(
            "c",
        ),
    },
}
