---
source: ella-parser/src/parser.rs
expression: "expr(\"2.0\")"
---
NumberLit(
    2.0,
)
