---
source: ella-parser/src/parser.rs
expression: "expr(\"true\")"
---
BoolLit(
    true,
)
