---
source: ella-parser/src/parser.rs
expression: "expr(\"2.5\")"
---
NumberLit(
    2.5,
)
