---
source: ella-parser/src/parser/expr.rs
expression: "expr(\"foo\")"
---
Identifier(
    "foo",
)
