---
source: ella-parser/src/parser/expr.rs
expression: "expr(\"false\")"
---
BoolLit(
    false,
)
