---
source: ella-parser/src/parser/expr.rs
expression: "expr(\"foo(1, bar, baz())\")"
---
FnCall {
    callee: Identifier(
        "foo",
    ),
    args: [
        NumberLit(
            1.0,
        ),
        Identifier(
            "bar",
        ),
        FnCall {
            callee: Identifier(
                "baz",
            ),
            args: [],
        },
    ],
}
