---
source: ella-parser/src/parser/stmt.rs
expression: "stmt(\"fn foo() {}\")"
---
FnDeclaration {
    meta: DeclarationMeta {
        is_captured_in_closure: false,
    },
    ident: "foo",
    params: [],
    body: [],
}
