---
source: ella-parser/src/parser/expr.rs
expression: "expr(\"foo()\")"
---
FnCall {
    ident: "foo",
    args: [],
}
