---
source: ella-parser/src/parser/expr.rs
expression: "expr(\"1\")"
---
NumberLit(
    1.0,
)
