---
source: ella-parser/src/parser/expr.rs
expression: "expr(\"2.5\")"
---
NumberLit(
    2.5,
)
