---
source: ella-parser/src/parser/stmt.rs
expression: "stmt(\"return 1;\")"
---
ReturnStmt(
    NumberLit(
        1.0,
    ),
)
